// Jest Snapshot v1,

exports[`SignupForm it renders the two buttons 1`] = `ShallowWrapper {}`;
