// Jest Snapshot v1, https://goo.gl/fbAQLP

exports[`Reviewform it renders the two buttons 1`] = `ShallowWrapper {}`;
